{
    "greeting": "リスは素晴らしいです",
    "hello": "Zażółć gęślą jaźń"
}