{
    "hello": "top",
    "included01": "include01",
    "included02": "include02",
    "included0201": "include0201"
}